[2025-10-13 14:08:00] ⏩ Ya se envió hoy recordatorio_3dias a admin@uc.cl (Administrador)
[2025-10-13 14:08:00] ⏩ Ya se envió hoy recordatorio_3dias a y.seguel6@alumnos.santotomas.cl (Yassmin Antonieta Seguel Díaz)
[2025-10-13 14:08:00] ⏩ Ya se envió hoy recordatorio_3dias a sigrid.sarmiento@edu.udla.cl (Sigrid Alessandra Sarmiento Fattori)
[2025-10-13 14:08:00] ⏩ Ya se envió hoy recordatorio_3dias a andrea.miranda@uc.cl (Andrea Melanie Miranda Martine)
[2025-10-13 14:08:00] ⏩ Ya se envió hoy recordatorio_3dias a francisco.curinanco@correoaiep.cl (Francisco javier)
[2025-10-13 14:08:00] ⏩ Ya se envió hoy recordatorio_3dias a pilar.diazj@correoaiep.cl (Pilar Díaz Jara)
[2025-10-13 14:08:00] ⏩ Ya se envió hoy recordatorio_3dias a fabiola.gutierrezc@correoaiep.cl (Fabiola Gutierrez)
[2025-10-13 14:08:00] ⏩ Ya se envió hoy recordatorio_3dias a gabriel.rebolledog@correoaiep.cl (Gabriel Rebolledo)
[2025-10-13 14:08:00] ⏩ Ya se envió hoy recordatorio_3dias a diana.saldiviaa@correoaiep.cl (Diana Saldivia)
[2025-10-13 14:08:00] ⏩ Ya se envió hoy recordatorio_3dias a ntorres@cinemark.cl (Nardy jeannette torres torres)
[2025-10-13 14:08:00] ⏩ Ya se envió hoy recordatorio_3dias a yarella.pinto@correoaiep.cl (Yarella Ivonne Pinto Pinto)
[2025-10-13 14:08:00] ⏩ Ya se envió hoy recordatorio_3dias a benjamin.toro@ucen.cl (Benjamín Toro)
[2025-10-13 14:08:00] ⏩ Ya se envió hoy recordatorio_3dias a romina.sanchezl@correoaiep.cl (Romina Sánchez López)
[2025-10-13 14:08:00] ⏩ Ya se envió hoy recordatorio_3dias a javiera.henriquezsot@correoaiep.cl (Javiera henriquez)
[2025-10-13 14:08:00] ⏩ Ya se envió hoy recordatorio_3dias a benjamin.fernandezc@correoaiep.cl (Benjamin Fernandez Contreras)
[2025-10-13 14:08:00] ⏩ Ya se envió hoy recordatorio_3dias a patricio.mezas@correoaiep.cl (patricio meza)
[2025-10-13 14:08:00] ⏩ Ya se envió hoy recordatorio_3dias a jose.correarod@correoaiep.cl (Jose Luis Correa)
[2025-10-13 14:08:00] ⏩ Ya se envió hoy recordatorio_3dias a fernanda.marquezs@correoaiep.cl (Fernanda Antonia Marquez Soto)
[2025-10-13 14:08:00] ⏩ Ya se envió hoy recordatorio_3dias a czapatm@uc.cl (Cristóbal Alejandro Zapata Merino)
[2025-10-13 14:08:00] ✅ Proceso completado — Enviados: 0 | Omitidos: 19
